<dec f='webkit/Source/ThirdParty/libwebrtc/Source/third_party/libvpx/source/libvpx/vp9/encoder/vp9_encoder.h' l='404' type='unsigned char *'/>
<offset>64</offset>
<use f='webkit/Source/ThirdParty/libwebrtc/Source/third_party/libvpx/source/libvpx/vp9/encoder/vp9_encoder.c' l='545' u='r' c='apply_active_map'/>
<use f='webkit/Source/ThirdParty/libwebrtc/Source/third_party/libvpx/source/libvpx/vp9/encoder/vp9_encoder.c' l='747' u='r' c='vp9_set_active_map'/>
<use f='webkit/Source/ThirdParty/libwebrtc/Source/third_party/libvpx/source/libvpx/vp9/encoder/vp9_encoder.c' l='1009' u='r' c='dealloc_compressor_data'/>
<use f='webkit/Source/ThirdParty/libwebrtc/Source/third_party/libvpx/source/libvpx/vp9/encoder/vp9_encoder.c' l='1010' u='w' c='dealloc_compressor_data'/>
<use f='webkit/Source/ThirdParty/libwebrtc/Source/third_party/libvpx/source/libvpx/vp9/encoder/vp9_encoder.c' l='1935' u='r' c='realloc_segmentation_maps'/>
<use f='webkit/Source/ThirdParty/libwebrtc/Source/third_party/libvpx/source/libvpx/vp9/encoder/vp9_encoder.c' l='1936' u='w' c='realloc_segmentation_maps'/>
<use f='webkit/Source/ThirdParty/libwebrtc/Source/third_party/libvpx/source/libvpx/vp9/encoder/vp9_encoder.c' l='1936' u='r' c='realloc_segmentation_maps'/>
