<dec f='webkit/Source/ThirdParty/libwebrtc/Source/third_party/boringssl/src/ssl/internal.h' l='905' type='uint64_t'/>
<offset>0</offset>
<doc f='webkit/Source/ThirdParty/libwebrtc/Source/third_party/boringssl/src/ssl/internal.h' l='903'>// map is a bit mask of the last 64 sequence numbers. Bit
  // |1&lt;&lt;i| corresponds to |max_seq_num - i|.</doc>
<use f='webkit/Source/ThirdParty/libwebrtc/Source/third_party/boringssl/src/ssl/dtls_record.cc' l='142' u='r' c='_ZN4bsslL27dtls1_bitmap_should_discardEPNS_12DTLS1_BITMAPEPKh'/>
<use f='webkit/Source/ThirdParty/libwebrtc/Source/third_party/boringssl/src/ssl/dtls_record.cc' l='149' u='r' c='_ZN4bsslL27dtls1_bitmap_should_discardEPNS_12DTLS1_BITMAPEPKh'/>
<use f='webkit/Source/ThirdParty/libwebrtc/Source/third_party/boringssl/src/ssl/dtls_record.cc' l='157' u='r' c='_ZN4bsslL19dtls1_bitmap_recordEPNS_12DTLS1_BITMAPEPKh'/>
<use f='webkit/Source/ThirdParty/libwebrtc/Source/third_party/boringssl/src/ssl/dtls_record.cc' l='164' u='w' c='_ZN4bsslL19dtls1_bitmap_recordEPNS_12DTLS1_BITMAPEPKh'/>
<use f='webkit/Source/ThirdParty/libwebrtc/Source/third_party/boringssl/src/ssl/dtls_record.cc' l='166' u='w' c='_ZN4bsslL19dtls1_bitmap_recordEPNS_12DTLS1_BITMAPEPKh'/>
<use f='webkit/Source/ThirdParty/libwebrtc/Source/third_party/boringssl/src/ssl/dtls_record.cc' l='173' u='w' c='_ZN4bsslL19dtls1_bitmap_recordEPNS_12DTLS1_BITMAPEPKh'/>
