<dec f='webkit/Source/ThirdParty/libwebrtc/Source/third_party/libvpx/source/libvpx/vp9/encoder/vp9_aq_cyclicrefresh.h' l='52' type='signed char *'/>
<offset>256</offset>
<doc f='webkit/Source/ThirdParty/libwebrtc/Source/third_party/libvpx/source/libvpx/vp9/encoder/vp9_aq_cyclicrefresh.h' l='51'>// Cyclic refresh map.</doc>
<use f='webkit/Source/ThirdParty/libwebrtc/Source/third_party/libvpx/source/libvpx/vp9/encoder/vp9_aq_cyclicrefresh.c' l='37' u='w' c='vp9_cyclic_refresh_alloc'/>
<use f='webkit/Source/ThirdParty/libwebrtc/Source/third_party/libvpx/source/libvpx/vp9/encoder/vp9_aq_cyclicrefresh.c' l='37' u='r' c='vp9_cyclic_refresh_alloc'/>
<use f='webkit/Source/ThirdParty/libwebrtc/Source/third_party/libvpx/source/libvpx/vp9/encoder/vp9_aq_cyclicrefresh.c' l='38' u='r' c='vp9_cyclic_refresh_alloc'/>
<use f='webkit/Source/ThirdParty/libwebrtc/Source/third_party/libvpx/source/libvpx/vp9/encoder/vp9_aq_cyclicrefresh.c' l='56' u='r' c='vp9_cyclic_refresh_free'/>
<use f='webkit/Source/ThirdParty/libwebrtc/Source/third_party/libvpx/source/libvpx/vp9/encoder/vp9_aq_cyclicrefresh.c' l='172' u='r' c='vp9_cyclic_refresh_update_segment'/>
<use f='webkit/Source/ThirdParty/libwebrtc/Source/third_party/libvpx/source/libvpx/vp9/encoder/vp9_aq_cyclicrefresh.c' l='207' u='r' c='vp9_cyclic_refresh_update_segment'/>
<use f='webkit/Source/ThirdParty/libwebrtc/Source/third_party/libvpx/source/libvpx/vp9/encoder/vp9_aq_cyclicrefresh.c' l='218' u='r' c='vp9_cyclic_refresh_update_segment'/>
<use f='webkit/Source/ThirdParty/libwebrtc/Source/third_party/libvpx/source/libvpx/vp9/encoder/vp9_aq_cyclicrefresh.c' l='431' u='r' c='cyclic_refresh_update_map'/>
<use f='webkit/Source/ThirdParty/libwebrtc/Source/third_party/libvpx/source/libvpx/vp9/encoder/vp9_aq_cyclicrefresh.c' l='438' u='r' c='cyclic_refresh_update_map'/>
<use f='webkit/Source/ThirdParty/libwebrtc/Source/third_party/libvpx/source/libvpx/vp9/encoder/vp9_aq_cyclicrefresh.c' l='439' u='r' c='cyclic_refresh_update_map'/>
<use f='webkit/Source/ThirdParty/libwebrtc/Source/third_party/libvpx/source/libvpx/vp9/encoder/vp9_aq_cyclicrefresh.c' l='672' u='r' c='vp9_cyclic_refresh_reset_resize'/>
<use f='webkit/Source/ThirdParty/libwebrtc/Source/third_party/libvpx/source/libvpx/vp9/encoder/vp9_aq_cyclicrefresh.c' l='672' u='r' c='vp9_cyclic_refresh_reset_resize'/>
<use f='webkit/Source/ThirdParty/libwebrtc/Source/third_party/libvpx/source/libvpx/vp9/encoder/vp9_svc_layercontext.c' l='374' u='a' c='vp9_restore_layer_context'/>
<use f='webkit/Source/ThirdParty/libwebrtc/Source/third_party/libvpx/source/libvpx/vp9/encoder/vp9_svc_layercontext.c' l='401' u='r' c='vp9_save_layer_context'/>
<use f='webkit/Source/ThirdParty/libwebrtc/Source/third_party/libvpx/source/libvpx/vp9/encoder/vp9_svc_layercontext.c' l='402' u='w' c='vp9_save_layer_context'/>
