<def f='webkit/Source/ThirdParty/libwebrtc/Source/webrtc/rtc_base/ref_counted_object.h' l='187' ll='194'/>
<use f='webkit/Source/ThirdParty/libwebrtc/Source/webrtc/rtc_base/async_invoker_inl.h' l='42'/>
<use f='webkit/Source/ThirdParty/libwebrtc/Source/webrtc/rtc_base/async_invoker.h' l='160'/>
<def f='webkit/WebKitBuild/Debug/usr/local/include/webrtc/rtc_base/ref_counted_object.h' l='187' ll='194'/>
