<dec f='webkit/Source/WebCore/rendering/style/RenderStyleConstants.h' l='285' type='0'/>
<use f='webkit/Source/WebCore/rendering/style/RenderStyle.h' l='1546' u='r' c='_ZN7WebCore11RenderStyle20initialVerticalAlignEv'/>
<dec f='webkit/WebKitBuild/Debug/WebCore.framework/Versions/A/PrivateHeaders/RenderStyleConstants.h' l='285' type='0'/>
<use f='webkit/WebKitBuild/Debug/WebCore.framework/Versions/A/PrivateHeaders/RenderStyle.h' l='1546' u='r' c='_ZN7WebCore11RenderStyle20initialVerticalAlignEv'/>
<use f='webkit/Source/WebCore/css/CSSPrimitiveValueMappings.h' l='2754' c='_ZN7WebCore17CSSPrimitiveValueC1ET_'/>
<use f='webkit/Source/WebCore/css/CSSPrimitiveValueMappings.h' l='2789' u='r' c='_ZNK7WebCore17CSSPrimitiveValuecvT_Ev'/>
<use f='webkit/Source/WebCore/rendering/RenderTableCell.h' l='303' u='r' c='_ZNK7WebCore15RenderTableCell17isBaselineAlignedEv'/>
<use f='webkit/Source/WebCore/editing/Editor.cpp' l='4043' c='_ZN7WebCore6Editor30fontAttributesAtSelectionStartEv'/>
<use f='webkit/Source/WebCore/layout/formattingContexts/inline/InlineFormattingGeometry.cpp' l='426' c='_ZN7WebCore6Layout14LineBoxBuilder54computeLineBoxHeightAndAlignInlineLevelBoxesVerticallyERNS0_7LineBoxE'/>
<use f='webkit/Source/WebCore/layout/formattingContexts/inline/InlineFormattingGeometry.cpp' l='502' c='_ZN7WebCore6Layout14LineBoxBuilder54computeLineBoxHeightAndAlignInlineLevelBoxesVerticallyERNS0_7LineBoxE'/>
<use f='webkit/Source/WebCore/layout/formattingContexts/inline/InlineFormattingGeometry.cpp' l='574' c='_ZN7WebCore6Layout14LineBoxBuilder54computeLineBoxHeightAndAlignInlineLevelBoxesVerticallyERNS0_7LineBoxE'/>
<use f='webkit/Source/WebCore/layout/formattingContexts/inline/InlineFormattingGeometry.cpp' l='632' u='r' c='_ZN7WebCore6Layout14LineBoxBuilder27SimplifiedVerticalAlignment25canUseSimplifiedAlignmentERKNS0_7LineBox14InlineLevelBoxES6_NSt3__18optionalIKNS0_11BoxGeometryEEE'/>
<use f='webkit/Source/WebCore/layout/formattingContexts/inline/InlineFormattingGeometry.cpp' l='639' u='r' c='_ZN7WebCore6Layout14LineBoxBuilder27SimplifiedVerticalAlignment25canUseSimplifiedAlignmentERKNS0_7LineBox14InlineLevelBoxES6_NSt3__18optionalIKNS0_11BoxGeometryEEE'/>
<use f='webkit/Source/WebCore/layout/formattingContexts/inline/InlineFormattingGeometry.cpp' l='643' u='r' c='_ZN7WebCore6Layout14LineBoxBuilder27SimplifiedVerticalAlignment25canUseSimplifiedAlignmentERKNS0_7LineBox14InlineLevelBoxES6_NSt3__18optionalIKNS0_11BoxGeometryEEE'/>
<use f='webkit/Source/WebCore/layout/formattingContexts/table/TableFormattingContext.cpp' l='140' c='_ZN7WebCore6Layout22TableFormattingContext23setUsedGeometryForCellsENS_10LayoutUnitENSt3__18optionalIS2_EE'/>
<use f='webkit/Source/WebCore/layout/formattingContexts/table/TableLayout.cpp' l='433' u='r' c='_ZN7WebCore6Layout22TableFormattingContext11TableLayout24distributedVerticalSpaceENSt3__18optionalINS_10LayoutUnitEEE'/>
<use f='webkit/Source/WebCore/layout/integration/LayoutIntegrationCoverage.cpp' l='770' u='r' c='_ZN7WebCore17LayoutIntegration29canUseForLineLayoutWithReasonERKNS_15RenderBlockFlowENS0_14IncludeReasonsE'/>
<use f='webkit/Source/WebCore/layout/integration/LayoutIntegrationInlineContentBuilder.cpp' l='200' u='r' c='_ZNK7WebCore17LayoutIntegration20InlineContentBuilder40computeLineLevelVisualAdjustmentsForRunsERKNS_6Layout21InlineFormattingStateE'/>
<use f='webkit/Source/WebCore/rendering/LegacyInlineFlowBox.cpp' l='131' u='r' c='_ZN7WebCore19LegacyInlineFlowBox9addToLineEPNS_15LegacyInlineBoxE'/>
<use f='webkit/Source/WebCore/rendering/LegacyInlineFlowBox.cpp' l='131' u='r' c='_ZN7WebCore19LegacyInlineFlowBox9addToLineEPNS_15LegacyInlineBoxE'/>
<use f='webkit/Source/WebCore/rendering/LegacyInlineFlowBox.cpp' l='149' u='r' c='_ZN7WebCore19LegacyInlineFlowBox9addToLineEPNS_15LegacyInlineBoxE'/>
<use f='webkit/Source/WebCore/rendering/LegacyInlineFlowBox.cpp' l='149' u='r' c='_ZN7WebCore19LegacyInlineFlowBox9addToLineEPNS_15LegacyInlineBoxE'/>
<use f='webkit/Source/WebCore/rendering/LegacyRootInlineBox.cpp' l='933' u='r' c='_ZN7WebCore19LegacyRootInlineBox22verticalPositionForBoxEPNS_15LegacyInlineBoxERNS_21VerticalPositionCacheE'/>
<use f='webkit/Source/WebCore/rendering/RenderInline.cpp' l='220' u='r' c='_ZNK7WebCore12RenderInline21shouldCreateLineBoxesEv'/>
<use f='webkit/Source/WebCore/rendering/RenderInline.cpp' l='221' u='r' c='_ZNK7WebCore12RenderInline21shouldCreateLineBoxesEv'/>
<use f='webkit/Source/WebCore/rendering/RenderInline.cpp' l='232' u='r' c='_ZNK7WebCore12RenderInline21shouldCreateLineBoxesEv'/>
<use f='webkit/Source/WebCore/rendering/RenderTableCell.cpp' l='218' c='_ZN7WebCore15RenderTableCell23computeIntrinsicPaddingENS_10LayoutUnitE'/>
<use f='webkit/Source/WebCore/rendering/style/RenderStyleConstants.cpp' l='1242' c='_ZN7WebCorelsERN3WTF10TextStreamENS_13VerticalAlignE'/>
<use f='webkit/Source/WebCore/css/CSSComputedStyleDeclaration.cpp' l='3262' c='_ZN7WebCore22ComputedStyleExtractor23valueForPropertyInStyleERKNS_11RenderStyleENS_13CSSPropertyIDEPNS_13RenderElementE'/>
