<dec f='webkit/WebKitBuild/Debug/WebCore.framework/Versions/A/PrivateHeaders/FontAttributeChanges.h' l='38' type='1'/>
<use f='webkit/WebKitBuild/Debug/WebCore.framework/Versions/A/PrivateHeaders/FontAttributeChanges.h' l='169'/>
<dec f='webkit/Source/WebCore/editing/FontAttributeChanges.h' l='38' type='1'/>
<use f='webkit/Source/WebCore/editing/FontAttributeChanges.h' l='169'/>
<use f='webkit/Source/WebCore/editing/FontAttributeChanges.cpp' l='135' c='_ZNK7WebCore20FontAttributeChanges18createEditingStyleEv'/>
<use f='webkit/Source/WebCore/platform/mac/WebCoreNSFontManagerExtras.mm' l='151' u='r' c='_ZN7WebCore28computedFontAttributeChangesEP13NSFontManagerP11objc_object'/>
