<dec f='webkit/Source/WebCore/platform/mediarecorder/cocoa/VideoSampleBufferCompressor.h' l='53' type='0'/>
<use f='webkit/Source/WebCore/platform/mediarecorder/cocoa/VideoSampleBufferCompressor.mm' l='44' u='r' c='_ZN7WebCore27VideoSampleBufferCompressor6createEN3WTF6StringEPFvPvP31opaqueCMBufferQueueTriggerTokenES3_'/>
<use f='webkit/Source/WebCore/platform/mediarecorder/cocoa/VideoSampleBufferCompressor.mm' l='131' c='_ZNK7WebCore27VideoSampleBufferCompressor14vtProfileLevelEv'/>
<use f='webkit/Source/WebCore/platform/mediarecorder/cocoa/VideoSampleBufferCompressor.mm' l='167' u='r' c='_ZN7WebCore27VideoSampleBufferCompressor22initCompressionSessionEPK25opaqueCMFormatDescription'/>
