<dec f='webkit/Source/WebCore/rendering/RenderThemeMac.mm' l='2274' type='int'/>
<use f='webkit/Source/WebCore/rendering/RenderThemeMac.mm' l='2339' u='w' c='_ZN7WebCore16AttachmentLayout11layOutTitleERKNS_16RenderAttachmentE'/>
<use f='webkit/Source/WebCore/rendering/RenderThemeMac.mm' l='2459' u='r' c='_ZNK7WebCore14RenderThemeMac18attachmentBaselineERKNS_16RenderAttachmentE'/>
<offset>608</offset>
