<dec f='webkit/Source/ThirdParty/libwebrtc/Source/third_party/libvpx/source/libvpx/vp9/encoder/vp9_svc_layercontext.h' l='67' type='signed char *'/>
<offset>53504</offset>
<use f='webkit/Source/ThirdParty/libwebrtc/Source/third_party/libvpx/source/libvpx/vp9/encoder/vp9_svc_layercontext.c' l='167' u='w' c='vp9_init_layer_context'/>
<use f='webkit/Source/ThirdParty/libwebrtc/Source/third_party/libvpx/source/libvpx/vp9/encoder/vp9_svc_layercontext.c' l='168' u='r' c='vp9_init_layer_context'/>
<use f='webkit/Source/ThirdParty/libwebrtc/Source/third_party/libvpx/source/libvpx/vp9/encoder/vp9_svc_layercontext.c' l='167' u='r' c='vp9_init_layer_context'/>
<use f='webkit/Source/ThirdParty/libwebrtc/Source/third_party/libvpx/source/libvpx/vp9/encoder/vp9_svc_layercontext.c' l='169' u='r' c='vp9_init_layer_context'/>
<use f='webkit/Source/ThirdParty/libwebrtc/Source/third_party/libvpx/source/libvpx/vp9/encoder/vp9_svc_layercontext.c' l='169' u='r' c='vp9_init_layer_context'/>
<use f='webkit/Source/ThirdParty/libwebrtc/Source/third_party/libvpx/source/libvpx/vp9/encoder/vp9_svc_layercontext.c' l='374' u='a' c='vp9_restore_layer_context'/>
<use f='webkit/Source/ThirdParty/libwebrtc/Source/third_party/libvpx/source/libvpx/vp9/encoder/vp9_svc_layercontext.c' l='398' u='r' c='vp9_save_layer_context'/>
<use f='webkit/Source/ThirdParty/libwebrtc/Source/third_party/libvpx/source/libvpx/vp9/encoder/vp9_svc_layercontext.c' l='401' u='w' c='vp9_save_layer_context'/>
<use f='webkit/Source/ThirdParty/libwebrtc/Source/third_party/libvpx/source/libvpx/vp9/encoder/vp9_svc_layercontext.c' l='1012' u='r' c='vp9_free_svc_cyclic_refresh'/>
<use f='webkit/Source/ThirdParty/libwebrtc/Source/third_party/libvpx/source/libvpx/vp9/encoder/vp9_svc_layercontext.c' l='1012' u='r' c='vp9_free_svc_cyclic_refresh'/>
