<dec f='webkit/Source/ThirdParty/libwebrtc/Source/third_party/libvpx/source/libvpx/vp9/encoder/vp9_mbgraph.h' l='25' type='struct (anonymous struct at /Volumes/ExternalSSD/Projects/webkit/WebKit/Source/ThirdParty/libwebrtc/Source/third_party/libvpx/source/libvpx/vp9/encoder/vp9_mbgraph.h:19:3) [4]'/>
<offset>0</offset>
<use f='webkit/Source/ThirdParty/libwebrtc/Source/third_party/libvpx/source/libvpx/vp9/encoder/vp9_mbgraph.c' l='178' u='m' c='update_mbgraph_mb_stats'/>
<use f='webkit/Source/ThirdParty/libwebrtc/Source/third_party/libvpx/source/libvpx/vp9/encoder/vp9_mbgraph.c' l='180' u='m' c='update_mbgraph_mb_stats'/>
<use f='webkit/Source/ThirdParty/libwebrtc/Source/third_party/libvpx/source/libvpx/vp9/encoder/vp9_mbgraph.c' l='189' u='m' c='update_mbgraph_mb_stats'/>
<use f='webkit/Source/ThirdParty/libwebrtc/Source/third_party/libvpx/source/libvpx/vp9/encoder/vp9_mbgraph.c' l='190' u='m' c='update_mbgraph_mb_stats'/>
<use f='webkit/Source/ThirdParty/libwebrtc/Source/third_party/libvpx/source/libvpx/vp9/encoder/vp9_mbgraph.c' l='192' u='m' c='update_mbgraph_mb_stats'/>
<use f='webkit/Source/ThirdParty/libwebrtc/Source/third_party/libvpx/source/libvpx/vp9/encoder/vp9_mbgraph.c' l='193' u='m' c='update_mbgraph_mb_stats'/>
<use f='webkit/Source/ThirdParty/libwebrtc/Source/third_party/libvpx/source/libvpx/vp9/encoder/vp9_mbgraph.c' l='203' u='m' c='update_mbgraph_mb_stats'/>
<use f='webkit/Source/ThirdParty/libwebrtc/Source/third_party/libvpx/source/libvpx/vp9/encoder/vp9_mbgraph.c' l='205' u='m' c='update_mbgraph_mb_stats'/>
<use f='webkit/Source/ThirdParty/libwebrtc/Source/third_party/libvpx/source/libvpx/vp9/encoder/vp9_mbgraph.c' l='207' u='m' c='update_mbgraph_mb_stats'/>
<use f='webkit/Source/ThirdParty/libwebrtc/Source/third_party/libvpx/source/libvpx/vp9/encoder/vp9_mbgraph.c' l='208' u='m' c='update_mbgraph_mb_stats'/>
<use f='webkit/Source/ThirdParty/libwebrtc/Source/third_party/libvpx/source/libvpx/vp9/encoder/vp9_mbgraph.c' l='261' u='m' c='update_mbgraph_frame_stats'/>
<use f='webkit/Source/ThirdParty/libwebrtc/Source/third_party/libvpx/source/libvpx/vp9/encoder/vp9_mbgraph.c' l='314' u='m' c='separate_arf_mbs'/>
<use f='webkit/Source/ThirdParty/libwebrtc/Source/third_party/libvpx/source/libvpx/vp9/encoder/vp9_mbgraph.c' l='315' u='m' c='separate_arf_mbs'/>
<use f='webkit/Source/ThirdParty/libwebrtc/Source/third_party/libvpx/source/libvpx/vp9/encoder/vp9_mbgraph.c' l='316' u='m' c='separate_arf_mbs'/>
