<dec f='webkit/Source/WebCore/Modules/webauthn/cbor/CBORValue.h' l='107' type='5'/>
<use f='webkit/Source/WebCore/Modules/webauthn/cbor/CBORValue.h' l='163' u='r' c='_ZNK4cbor9CBORValue5isMapEv'/>
<use f='webkit/Source/WebCore/Modules/webauthn/cbor/CBORReader.cpp' l='129' c='_ZN4cbor10CBORReader10decodeCBOREi'/>
<use f='webkit/Source/WebCore/Modules/webauthn/cbor/CBORValue.cpp' l='68' c='_ZN4cbor9CBORValueC1ENS0_4TypeE'/>
<use f='webkit/Source/WebCore/Modules/webauthn/cbor/CBORValue.cpp' l='136' u='r' c='_ZN4cbor9CBORValueC1ERKNSt3__13mapIS0_S0_NS0_8CTAPLessEN3WTF13FastAllocatorINS1_4pairIKS0_S0_EEEEEE'/>
<use f='webkit/Source/WebCore/Modules/webauthn/cbor/CBORValue.cpp' l='144' u='r' c='_ZN4cbor9CBORValueC1EONSt3__13mapIS0_S0_NS0_8CTAPLessEN3WTF13FastAllocatorINS1_4pairIKS0_S0_EEEEEE'/>
<use f='webkit/Source/WebCore/Modules/webauthn/cbor/CBORValue.cpp' l='189' c='_ZNK4cbor9CBORValue5cloneEv'/>
<use f='webkit/Source/WebCore/Modules/webauthn/cbor/CBORValue.cpp' l='273' c='_ZN4cbor9CBORValue25internalMoveConstructFromEOS0_'/>
<use f='webkit/Source/WebCore/Modules/webauthn/cbor/CBORValue.cpp' l='297' c='_ZN4cbor9CBORValue15internalCleanupEv'/>
<use f='webkit/Source/WebCore/Modules/webauthn/cbor/CBORWriter.cpp' l='107' c='_ZN4cbor10CBORWriter10encodeCBORERKNS_9CBORValueEi'/>
<use f='webkit/Source/WebCore/Modules/webauthn/cbor/CBORWriter.cpp' l='109' u='r' c='_ZN4cbor10CBORWriter10encodeCBORERKNS_9CBORValueEi'/>
<dec f='webkit/WebKitBuild/Debug/WebCore.framework/Versions/A/PrivateHeaders/CBORValue.h' l='107' type='5'/>
<use f='webkit/WebKitBuild/Debug/WebCore.framework/Versions/A/PrivateHeaders/CBORValue.h' l='163' u='r' c='_ZNK4cbor9CBORValue5isMapEv'/>
